2026-08-08 11:29:16,464 INFO: Microblog startup [in C:\Users\apurv\microblog\app\__init__.py: 44]
2026-08-08 11:29:26,244 INFO: Microblog startup [in C:\Users\apurv\microblog\app\__init__.py: 44]
2026-08-08 11:29:27,611 INFO: Microblog startup [in C:\Users\apurv\microblog\app\__init__.py: 44]
2026-08-08 11:31:23,865 INFO: Microblog startup [in C:\Users\apurv\microblog\app\__init__.py: 44]
2026-08-08 11:35:48,326 INFO: Microblog startup [in C:\Users\apurv\microblog\app\__init__.py: 44]
2026-08-08 11:35:55,167 INFO: Microblog startup [in C:\Users\apurv\microblog\app\__init__.py: 44]
2026-08-17 17:25:16,507 INFO: Microblog startup [in C:\Users\apurv\microblog\app\__init__.py: 44]
2026-08-17 17:25:38,340 INFO: Microblog startup [in C:\Users\apurv\microblog\app\__init__.py: 44]
2026-08-17 17:25:38,406 ERROR: Exception on /explore [GET] [in C:\Users\apurv\microblog\.venv\Lib\site-packages\flask\app.py: 875]
Traceback (most recent call last):
  File "C:\Users\apurv\microblog\.venv\Lib\site-packages\flask\app.py", line 1511, in wsgi_app
    response = self.full_dispatch_request()
               ^^^^^^^^^^^^^^^^^^^^^^^^^^^^
  File "C:\Users\apurv\microblog\.venv\Lib\site-packages\flask\app.py", line 919, in full_dispatch_request
    rv = self.handle_user_exception(e)
         ^^^^^^^^^^^^^^^^^^^^^^^^^^^^^
  File "C:\Users\apurv\microblog\.venv\Lib\site-packages\flask\app.py", line 917, in full_dispatch_request
    rv = self.dispatch_request()
         ^^^^^^^^^^^^^^^^^^^^^^^
  File "C:\Users\apurv\microblog\.venv\Lib\site-packages\flask\app.py", line 902, in dispatch_request
    return self.ensure_sync(self.view_functions[rule.endpoint])(**view_args)  # type: ignore[no-any-return]
           ^^^^^^^^^^^^^^^^^^^^^^^^^^^^^^^^^^^^^^^^^^^^^^^^^^^^^^^^^^^^^^^^^
  File "C:\Users\apurv\microblog\.venv\Lib\site-packages\flask_login\utils.py", line 290, in decorated_view
    return current_app.ensure_sync(func)(*args, **kwargs)
           ^^^^^^^^^^^^^^^^^^^^^^^^^^^^^^^^^^^^^^^^^^^^^^
  File "C:\Users\apurv\microblog\app\routes.py", line 120, in explore
    return render_template('index.html', title='Explore', posts=posts)
           ^^^^^^^^^^^^^^^^^^^^^^^^^^^^^^^^^^^^^^^^^^^^^^^^^^^^^^^^^^^
  File "C:\Users\apurv\microblog\.venv\Lib\site-packages\flask\templating.py", line 151, in render_template
    return _render(app, template, context)
           ^^^^^^^^^^^^^^^^^^^^^^^^^^^^^^^
  File "C:\Users\apurv\microblog\.venv\Lib\site-packages\flask\templating.py", line 132, in _render
    rv = template.render(context)
         ^^^^^^^^^^^^^^^^^^^^^^^^
  File "C:\Users\apurv\microblog\.venv\Lib\site-packages\jinja2\environment.py", line 1295, in render
    self.environment.handle_exception()
  File "C:\Users\apurv\microblog\.venv\Lib\site-packages\jinja2\environment.py", line 942, in handle_exception
    raise rewrite_traceback_stack(source=source)
  File "C:\Users\apurv\microblog\app\templates\index.html", line 1, in top-level template code
    {% extends "base.html" %}
  File "C:\Users\apurv\microblog\app\templates\base.html", line 32, in top-level template code
    {% block content %}{% endblock %}
    ^^^^^^^^^^^^^^^^^^^^^^^^^
  File "C:\Users\apurv\microblog\app\templates\index.html", line 4, in block 'content'
    <h1>Hello, {{ user.username }}!</h1>
    ^^^^^^^^^^^^^^^^^^^^^^^^^
  File "C:\Users\apurv\microblog\.venv\Lib\site-packages\jinja2\environment.py", line 490, in getattr
    return getattr(obj, attribute)
           ^^^^^^^^^^^^^^^^^^^^^^^
jinja2.exceptions.UndefinedError: 'user' is undefined
2026-08-17 17:25:57,654 INFO: Microblog startup [in C:\Users\apurv\microblog\app\__init__.py: 44]
2026-08-17 20:03:57,639 INFO: Microblog startup [in C:\Users\apurv\microblog\app\__init__.py: 44]
2026-08-17 20:04:07,409 INFO: Microblog startup [in C:\Users\apurv\microblog\app\__init__.py: 44]
2026-08-25 21:49:29,765 INFO: Microblog startup [in C:\Users\apurv\microblog\app\__init__.py: 44]
2026-08-25 21:49:41,864 INFO: Microblog startup [in C:\Users\apurv\microblog\app\__init__.py: 44]
2026-08-25 21:49:44,421 INFO: Microblog startup [in C:\Users\apurv\microblog\app\__init__.py: 44]
2026-08-25 21:49:56,964 INFO: Microblog startup [in C:\Users\apurv\microblog\app\__init__.py: 44]
2026-08-25 21:50:13,434 INFO: Microblog startup [in C:\Users\apurv\microblog\app\__init__.py: 44]
2026-08-25 21:50:24,398 INFO: Microblog startup [in C:\Users\apurv\microblog\app\__init__.py: 44]
2026-08-25 21:50:45,256 INFO: Microblog startup [in C:\Users\apurv\microblog\app\__init__.py: 44]
